// Vitest Snapshot v1, https://vitest.dev/guide/snapshot.html

exports[`<TastingNotesPage /> > renders consistently 1`] = `
<DocumentFragment>
  <div
    class="ion-page"
  >
    <ion-header
      translucent="true"
    >
      <!---->
      <ion-toolbar>
        <ion-title>
          Tasting Notes
        </ion-title>
      </ion-toolbar>
    </ion-header>
    <ion-content
      class="main-content"
      fullscreen="true"
    >
      <ion-header
        collapse="condense"
      >
        <!---->
        <ion-toolbar>
          <ion-title
            size="large"
          >
            Tasting Notes
          </ion-title>
        </ion-toolbar>
      </ion-header>
      <ion-fab
        horizontal="end"
        slot="fixed"
        vertical="bottom"
      >
        <ion-fab-button
          data-testid="add-note-button"
        >
          <ion-icon
            icon="data:image/svg+xml;utf8,<svg xmlns='http://www.w3.org/2000/svg' class='ionicon' viewBox='0 0 512 512'><path stroke-linecap='round' stroke-linejoin='round' d='M256 112v288M400 256H112' class='ionicon-fill-none ionicon-stroke-width'/></svg>"
          />
        </ion-fab-button>
      </ion-fab>
      <ion-list>
        <ion-item>
          <ion-label>
            <div>
              Lipton
            </div>
            <div>
              Green Tea
            </div>
          </ion-label>
          <ion-button
            data-testid="edit-note-button"
            fill="clear"
            slot="end"
          >
            <ion-icon
              icon="data:image/svg+xml;utf8,<svg xmlns='http://www.w3.org/2000/svg' class='ionicon' viewBox='0 0 512 512'><path d='M459.94 53.25a16.06 16.06 0 00-23.22-.56L424.35 65a8 8 0 000 11.31l11.34 11.32a8 8 0 0011.34 0l12.06-12c6.1-6.09 6.67-16.01.85-22.38zM399.34 90L218.82 270.2a9 9 0 00-2.31 3.93L208.16 299a3.91 3.91 0 004.86 4.86l24.85-8.35a9 9 0 003.93-2.31L422 112.66a9 9 0 000-12.66l-9.95-10a9 9 0 00-12.71 0z'/><path d='M386.34 193.66L264.45 315.79A41.08 41.08 0 01247.58 326l-25.9 8.67a35.92 35.92 0 01-44.33-44.33l8.67-25.9a41.08 41.08 0 0110.19-16.87l122.13-121.91a8 8 0 00-5.65-13.66H104a56 56 0 00-56 56v240a56 56 0 0056 56h240a56 56 0 0056-56V199.31a8 8 0 00-13.66-5.65z'/></svg>"
            />
          </ion-button>
          <ion-button
            data-testid="delete-note-button"
            fill="clear"
            slot="end"
          >
            <ion-icon
              icon="data:image/svg+xml;utf8,<svg xmlns='http://www.w3.org/2000/svg' class='ionicon' viewBox='0 0 512 512'><path d='M296 64h-80a7.91 7.91 0 00-8 8v24h96V72a7.91 7.91 0 00-8-8z' class='ionicon-fill-none'/><path d='M432 96h-96V72a40 40 0 00-40-40h-80a40 40 0 00-40 40v24H80a16 16 0 000 32h17l19 304.92c1.42 26.85 22 47.08 48 47.08h184c26.13 0 46.3-19.78 48-47l19-305h17a16 16 0 000-32zM192.57 416H192a16 16 0 01-16-15.43l-8-224a16 16 0 1132-1.14l8 224A16 16 0 01192.57 416zM272 400a16 16 0 01-32 0V176a16 16 0 0132 0zm32-304h-96V72a7.91 7.91 0 018-8h80a7.91 7.91 0 018 8zm32 304.57A16 16 0 01320 416h-.58A16 16 0 01304 399.43l8-224a16 16 0 1132 1.14z'/></svg>"
            />
          </ion-button>
        </ion-item>
        <ion-item>
          <ion-label>
            <div>
              Rishi
            </div>
            <div>
              Puer Cake
            </div>
          </ion-label>
          <ion-button
            data-testid="edit-note-button"
            fill="clear"
            slot="end"
          >
            <ion-icon
              icon="data:image/svg+xml;utf8,<svg xmlns='http://www.w3.org/2000/svg' class='ionicon' viewBox='0 0 512 512'><path d='M459.94 53.25a16.06 16.06 0 00-23.22-.56L424.35 65a8 8 0 000 11.31l11.34 11.32a8 8 0 0011.34 0l12.06-12c6.1-6.09 6.67-16.01.85-22.38zM399.34 90L218.82 270.2a9 9 0 00-2.31 3.93L208.16 299a3.91 3.91 0 004.86 4.86l24.85-8.35a9 9 0 003.93-2.31L422 112.66a9 9 0 000-12.66l-9.95-10a9 9 0 00-12.71 0z'/><path d='M386.34 193.66L264.45 315.79A41.08 41.08 0 01247.58 326l-25.9 8.67a35.92 35.92 0 01-44.33-44.33l8.67-25.9a41.08 41.08 0 0110.19-16.87l122.13-121.91a8 8 0 00-5.65-13.66H104a56 56 0 00-56 56v240a56 56 0 0056 56h240a56 56 0 0056-56V199.31a8 8 0 00-13.66-5.65z'/></svg>"
            />
          </ion-button>
          <ion-button
            data-testid="delete-note-button"
            fill="clear"
            slot="end"
          >
            <ion-icon
              icon="data:image/svg+xml;utf8,<svg xmlns='http://www.w3.org/2000/svg' class='ionicon' viewBox='0 0 512 512'><path d='M296 64h-80a7.91 7.91 0 00-8 8v24h96V72a7.91 7.91 0 00-8-8z' class='ionicon-fill-none'/><path d='M432 96h-96V72a40 40 0 00-40-40h-80a40 40 0 00-40 40v24H80a16 16 0 000 32h17l19 304.92c1.42 26.85 22 47.08 48 47.08h184c26.13 0 46.3-19.78 48-47l19-305h17a16 16 0 000-32zM192.57 416H192a16 16 0 01-16-15.43l-8-224a16 16 0 1132-1.14l8 224A16 16 0 01192.57 416zM272 400a16 16 0 01-32 0V176a16 16 0 0132 0zm32-304h-96V72a7.91 7.91 0 018-8h80a7.91 7.91 0 018 8zm32 304.57A16 16 0 01320 416h-.58A16 16 0 01304 399.43l8-224a16 16 0 1132 1.14z'/></svg>"
            />
          </ion-button>
        </ion-item>
        <ion-item>
          <ion-label>
            <div>
              Lipton
            </div>
            <div>
              Yellow Label
            </div>
          </ion-label>
          <ion-button
            data-testid="edit-note-button"
            fill="clear"
            slot="end"
          >
            <ion-icon
              icon="data:image/svg+xml;utf8,<svg xmlns='http://www.w3.org/2000/svg' class='ionicon' viewBox='0 0 512 512'><path d='M459.94 53.25a16.06 16.06 0 00-23.22-.56L424.35 65a8 8 0 000 11.31l11.34 11.32a8 8 0 0011.34 0l12.06-12c6.1-6.09 6.67-16.01.85-22.38zM399.34 90L218.82 270.2a9 9 0 00-2.31 3.93L208.16 299a3.91 3.91 0 004.86 4.86l24.85-8.35a9 9 0 003.93-2.31L422 112.66a9 9 0 000-12.66l-9.95-10a9 9 0 00-12.71 0z'/><path d='M386.34 193.66L264.45 315.79A41.08 41.08 0 01247.58 326l-25.9 8.67a35.92 35.92 0 01-44.33-44.33l8.67-25.9a41.08 41.08 0 0110.19-16.87l122.13-121.91a8 8 0 00-5.65-13.66H104a56 56 0 00-56 56v240a56 56 0 0056 56h240a56 56 0 0056-56V199.31a8 8 0 00-13.66-5.65z'/></svg>"
            />
          </ion-button>
          <ion-button
            data-testid="delete-note-button"
            fill="clear"
            slot="end"
          >
            <ion-icon
              icon="data:image/svg+xml;utf8,<svg xmlns='http://www.w3.org/2000/svg' class='ionicon' viewBox='0 0 512 512'><path d='M296 64h-80a7.91 7.91 0 00-8 8v24h96V72a7.91 7.91 0 00-8-8z' class='ionicon-fill-none'/><path d='M432 96h-96V72a40 40 0 00-40-40h-80a40 40 0 00-40 40v24H80a16 16 0 000 32h17l19 304.92c1.42 26.85 22 47.08 48 47.08h184c26.13 0 46.3-19.78 48-47l19-305h17a16 16 0 000-32zM192.57 416H192a16 16 0 01-16-15.43l-8-224a16 16 0 1132-1.14l8 224A16 16 0 01192.57 416zM272 400a16 16 0 01-32 0V176a16 16 0 0132 0zm32-304h-96V72a7.91 7.91 0 018-8h80a7.91 7.91 0 018 8zm32 304.57A16 16 0 01320 416h-.58A16 16 0 01304 399.43l8-224a16 16 0 1132 1.14z'/></svg>"
            />
          </ion-button>
        </ion-item>
      </ion-list>
    </ion-content>
  </div>
</DocumentFragment>
`;
