// Vitest Snapshot v1, https://vitest.dev/guide/snapshot.html

exports[`<LoginPage /> > renders consistently 1`] = `
<DocumentFragment>
  <div
    class="ion-page"
  >
    <ion-content
      class="login-page main-content"
      fullscreen="true"
    >
      <form>
        <ion-card>
          <ion-card-header>
            <ion-card-title>
              Login
            </ion-card-title>
            <ion-card-subtitle>
              Welcome to Tea Taster
            </ion-card-subtitle>
          </ion-card-header>
          <ion-card-content>
            <div
              class="auth-button-area"
            >
              <ion-button
                color="primary"
                data-testid="signin-button"
                expand="block"
              >
                <ion-icon
                  icon="data:image/svg+xml;utf8,<svg xmlns='http://www.w3.org/2000/svg' class='ionicon' viewBox='0 0 512 512'><path d='M192 176v-40a40 40 0 0140-40h160a40 40 0 0140 40v240a40 40 0 01-40 40H240c-22.09 0-48-17.91-48-40v-40' stroke-linecap='round' stroke-linejoin='round' class='ionicon-fill-none ionicon-stroke-width'/><path stroke-linecap='round' stroke-linejoin='round' d='M288 336l80-80-80-80M80 256h272' class='ionicon-fill-none ionicon-stroke-width'/></svg>"
                  slot="end"
                />
                Sign in
              </ion-button>
            </div>
          </ion-card-content>
        </ion-card>
      </form>
      <template />
    </ion-content>
  </div>
</DocumentFragment>
`;
