// Vitest Snapshot v1, https://vitest.dev/guide/snapshot.html

exports[`<AuthActionCompletePage /> > renders consistently 1`] = `
<DocumentFragment>
  <div
    class="ion-page"
  >
    <ion-content
      class="main-content auth-action-complete"
    >
      <div
        class="container"
      >
        <ion-spinner
          name="dots"
        />
      </div>
    </ion-content>
  </div>
</DocumentFragment>
`;
