// Vitest Snapshot v1, https://vitest.dev/guide/snapshot.html

exports[`<TeaDetailsPage /> > renders consistently 1`] = `
<DocumentFragment>
  <div
    class="ion-page"
  >
    <ion-header>
      <!---->
      <ion-toolbar>
        <ion-buttons
          slot="start"
        >
          <ion-back-button
            default-href="/tabs/tea"
          />
        </ion-buttons>
        <ion-title>
          Tea Details
        </ion-title>
      </ion-toolbar>
    </ion-header>
    <ion-content>
      <div>
        <div
          class="ion-justify-content-center"
          style="display: flex;"
        >
          <ion-img
            src="/assets/images/herbal.jpg"
            style="max-width: 75%; max-height: 512px;"
          />
        </div>
        <h1
          data-testid="name"
        >
          Herbal
        </h1>
        <p
          data-testid="description"
        >
          Herbal infusions description.
        </p>
        <div
          class="rating"
        >
          <ion-icon
            data-testid="star"
            icon="data:image/svg+xml;utf8,<svg xmlns='http://www.w3.org/2000/svg' class='ionicon' viewBox='0 0 512 512'><path d='M394 480a16 16 0 01-9.39-3L256 383.76 127.39 477a16 16 0 01-24.55-18.08L153 310.35 23 221.2a16 16 0 019-29.2h160.38l48.4-148.95a16 16 0 0130.44 0l48.4 149H480a16 16 0 019.05 29.2L359 310.35l50.13 148.53A16 16 0 01394 480z'/></svg>"
          />
          <ion-icon
            data-testid="star"
            icon="data:image/svg+xml;utf8,<svg xmlns='http://www.w3.org/2000/svg' class='ionicon' viewBox='0 0 512 512'><path d='M394 480a16 16 0 01-9.39-3L256 383.76 127.39 477a16 16 0 01-24.55-18.08L153 310.35 23 221.2a16 16 0 019-29.2h160.38l48.4-148.95a16 16 0 0130.44 0l48.4 149H480a16 16 0 019.05 29.2L359 310.35l50.13 148.53A16 16 0 01394 480z'/></svg>"
          />
          <ion-icon
            data-testid="outline"
            icon="data:image/svg+xml;utf8,<svg xmlns='http://www.w3.org/2000/svg' class='ionicon' viewBox='0 0 512 512'><path d='M480 208H308L256 48l-52 160H32l140 96-54 160 138-100 138 100-54-160z' stroke-linejoin='round' class='ionicon-fill-none ionicon-stroke-width'/></svg>"
          />
          <ion-icon
            data-testid="outline"
            icon="data:image/svg+xml;utf8,<svg xmlns='http://www.w3.org/2000/svg' class='ionicon' viewBox='0 0 512 512'><path d='M480 208H308L256 48l-52 160H32l140 96-54 160 138-100 138 100-54-160z' stroke-linejoin='round' class='ionicon-fill-none ionicon-stroke-width'/></svg>"
          />
          <ion-icon
            data-testid="outline"
            icon="data:image/svg+xml;utf8,<svg xmlns='http://www.w3.org/2000/svg' class='ionicon' viewBox='0 0 512 512'><path d='M480 208H308L256 48l-52 160H32l140 96-54 160 138-100 138 100-54-160z' stroke-linejoin='round' class='ionicon-fill-none ionicon-stroke-width'/></svg>"
          />
        </div>
         
      </div>
    </ion-content>
  </div>
</DocumentFragment>
`;
