// Vitest Snapshot v1, https://vitest.dev/guide/snapshot.html

exports[`<App /> > renders consistently 1`] = `
<DocumentFragment>
  <ion-app>
    <ion-spinner />
  </ion-app>
</DocumentFragment>
`;
